app/(tabs)/profile.tsx(121,23): error TS2339: Property 'userType' does not exist on type 'UserProfile'.
app/(tabs)/profile.tsx(127,56): error TS2339: Property 'email' does not exist on type 'UserProfile'.
app/(tabs)/profile.tsx(153,21): error TS2339: Property 'userType' does not exist on type 'UserProfile'.
components/ProfileInfoTab.tsx(3,68): error TS2307: Cannot find module '../../services/auth' or its corresponding type declarations.
components/ProfileInfoTab.tsx(7,19): error TS2307: Cannot find module '../../services/toast' or its corresponding type declarations.
components/ProfileInfoTab.tsx(8,100): error TS2307: Cannot find module '../../services/vietnamAddressApi' or its corresponding type declarations.
components/VendorRegisterTab.tsx(3,106): error TS2307: Cannot find module '../../services/auth' or its corresponding type declarations.
components/VendorRegisterTab.tsx(7,19): error TS2307: Cannot find module '../../services/toast' or its corresponding type declarations.
components/VendorRegisterTab.tsx(8,100): error TS2307: Cannot find module '../../services/vietnamAddressApi' or its corresponding type declarations.
services/geocodingService.ts(66,37): error TS2339: Property 'env' does not exist on type 'ImportMeta'.
services/geocodingService.ts(295,30): error TS2345: Argument of type 'string | undefined' is not assignable to parameter of type 'string'.
  Type 'undefined' is not assignable to type 'string'.
